python : D:\Project_Int
ership\Mini_Project\bac
kend\core\ai_providers.
py:6: FutureWarning: 
At line:1 char:1
+ python 
test_providers.py > 
test_output.txt 2>&1
+ ~~~~~~~~~~~~~~~~~~~~~
~~~~~~~~~~~~~~~~~~~~~~~
~~~
    + CategoryInfo     
         : NotSpecifi  
  ed: (D:\Project_In   
 te...FutureWarning    
: :String) [], Rem    
oteException
    + FullyQualifiedEr 
   rorId : NativeComm  
  andError
 

All support for the 
`google.generativeai` 
package has ended. It 
will no longer be 
receiving 
updates or bug fixes. 
Please switch to the 
`google.genai` package 
as soon as possible.
See README for more 
details:

https://github.com/goog
le-gemini/deprecated-ge
nerative-ai-python/blob
/main/README.md

  import 
google.generativeai as 
genai
Gemini Provider: QUOTA 
EXHAUSTED. 5 min 
cooldown.
AIService: Trying 
provider Groq
--- Testing Individual Providers ---

Testing Gemini...
  Gemini FAILED: rate_limit

Testing Groq...
  Groq SUCCESS: Success

Testing HuggingFace...
  HuggingFace FAILED: unavailable

--- Testing AIService Fallback Chain ---

AIService Result:
  Provider Used: Groq
  Response: To achieve long-term success and fulfillment in your career, it's essential to strike a balance between pursuing your passions, developing in-demand skills, and being open to continuous learning and growth.
  Status: ok
